// Jest Snapshot v1, https://goo.gl/fbAQLP

exports[`TaskList list test TaskList renders properly 1`] = `
ShallowWrapper {
  Symbol(enzyme.__root__): [Circular],
  Symbol(enzyme.__unrendered__): <TaskList
    deleteTask={[Function]}
    editTask={[Function]}
    reOrderTasks={[Function]}
    selected={Array []}
    tasks={
      Array [
        Object {
          "id": 1,
          "title": "mockTitle",
        },
        Object {
          "id": 2,
          "title": "mockTitle",
        },
      ]
    }
    toggleSelectTask={[Function]}
  />,
  Symbol(enzyme.__renderer__): Object {
    "batchedUpdates": [Function],
    "getNode": [Function],
    "render": [Function],
    "simulateError": [Function],
    "simulateEvent": [Function],
    "unmount": [Function],
  },
  Symbol(enzyme.__node__): Object {
    "instance": null,
    "key": undefined,
    "nodeType": "class",
    "props": Object {
      "children": <Connect(Droppable)
        direction="vertical"
        droppableId="droppable"
        ignoreContainerClipping={false}
        isCombineEnabled={false}
        isDropDisabled={false}
        type="DEFAULT"
      >
        [Function]
      </Connect(Droppable)>,
      "onDragEnd": [Function],
    },
    "ref": null,
    "rendered": Object {
      "instance": null,
      "key": undefined,
      "nodeType": "class",
      "props": Object {
        "children": [Function],
        "direction": "vertical",
        "droppableId": "droppable",
        "ignoreContainerClipping": false,
        "isCombineEnabled": false,
        "isDropDisabled": false,
        "type": "DEFAULT",
      },
      "ref": null,
      "rendered": [Function],
      "type": [Function],
    },
    "type": [Function],
  },
  Symbol(enzyme.__nodes__): Array [
    Object {
      "instance": null,
      "key": undefined,
      "nodeType": "class",
      "props": Object {
        "children": <Connect(Droppable)
          direction="vertical"
          droppableId="droppable"
          ignoreContainerClipping={false}
          isCombineEnabled={false}
          isDropDisabled={false}
          type="DEFAULT"
        >
          [Function]
        </Connect(Droppable)>,
        "onDragEnd": [Function],
      },
      "ref": null,
      "rendered": Object {
        "instance": null,
        "key": undefined,
        "nodeType": "class",
        "props": Object {
          "children": [Function],
          "direction": "vertical",
          "droppableId": "droppable",
          "ignoreContainerClipping": false,
          "isCombineEnabled": false,
          "isDropDisabled": false,
          "type": "DEFAULT",
        },
        "ref": null,
        "rendered": [Function],
        "type": [Function],
      },
      "type": [Function],
    },
  ],
  Symbol(enzyme.__options__): Object {
    "adapter": ReactSixteenAdapter {
      "options": Object {
        "enableComponentDidUpdateOnSetState": true,
        "lifecycles": Object {
          "componentDidUpdate": Object {
            "onSetState": true,
          },
          "getDerivedStateFromProps": true,
          "getSnapshotBeforeUpdate": true,
          "setState": Object {
            "skipsComponentDidUpdateOnNullish": true,
          },
        },
      },
    },
  },
}
`;
